../Core/Src/I2C_gpio.c:44:6:i2c_Delay	16	static
../Core/Src/I2C_gpio.c:50:6:i2c_Start	8	static
../Core/Src/I2C_gpio.c:61:6:i2c_SendByte	24	static
../Core/Src/I2C_gpio.c:88:9:i2c_ReadByte	16	static
../Core/Src/I2C_gpio.c:110:9:i2c_WaitAck	16	static
../Core/Src/I2C_gpio.c:131:6:i2c_Ack	8	static
../Core/Src/I2C_gpio.c:142:6:i2c_NAck	8	static
../Core/Src/I2C_gpio.c:152:6:i2c_Stop	8	static
../Core/Src/I2C_gpio.c:160:6:bsp_InitI2C	32	static
../Core/Src/I2C_gpio.c:176:9:i2c_CheckDevice	24	static
../Core/Src/I2C_gpio.c:212:9:AS5600_ReadRegister	24	static
../Core/Src/I2C_gpio.c:248:10:AS5600_ReadRawAngle	16	static
../Core/Src/I2C_gpio.c:271:7:AS5600_GetAngle	16	static
../Core/Src/I2C_gpio.c:285:6:AS5600_CheckStatus	16	static
../Core/Src/I2C_gpio.c:317:6:AS5600_CheckMagnitude	16	static
../Core/Src/I2C_gpio.c:339:6:AS5600_FullTest	56	static
../Core/Src/I2C_gpio.c:378:6:AS5600_ContinuousMonitor	24	static
