../Core/Src/main.c:92:5:_write	32	static
../Core/Src/main.c:106:5:main	24	static
../Core/Src/main.c:181:7:electrical_alignment_test	112	static
../Core/Src/main.c:234:6:set_pwm_duty	32	static
../Core/Src/main.c:244:6:motor_enable	8	static
../Core/Src/main.c:249:6:motor_disable	8	static
../Core/Src/main.c:255:6:motor_control	40	static
../Core/Src/main.c:279:6:Read_Current_Sensors	32	static
../Core/Src/main.c:307:6:Current_Sensor_Init	8	static
../Core/Src/main.c:330:7:normalize_angle	16	static
../Core/Src/main.c:1083:6:FOC_control	184	static
../Core/Src/main.c:1347:6:FOC_control_high_torque	112	static
../Core/Src/main.c:2803:13:clarke_transform	32	static
../Core/Src/main.c:2810:6:park_transform	48	static
../Core/Src/main.c:2820:6:SystemClock_Config	96	static
../Core/Src/main.c:2857:13:MX_GPIO_Init	40	static
../Core/Src/main.c:2874:13:MX_ADC3_Init	24	static
../Core/Src/main.c:2908:6:HAL_ADC_ConvCpltCallback	16	static
../Core/Src/main.c:2914:13:MX_DMA_Init	16	static
../Core/Src/main.c:2940:13:MX_TIM1_Init	104	static
../Core/Src/main.c:3007:13:MX_USART2_UART_Init	8	static
../Core/Src/main.c:3023:6:Error_Handler	4	static,ignoring_inline_asm
