../Core/Src/main.c:86:5:_write	32	static
../Core/Src/main.c:100:5:main	32	static
../Core/Src/main.c:170:6:set_pwm_duty	32	static
../Core/Src/main.c:180:6:motor_enable	8	static
../Core/Src/main.c:185:6:motor_disable	8	static
../Core/Src/main.c:191:6:motor_control	40	static
../Core/Src/main.c:215:6:Read_Current_Sensors	32	static
../Core/Src/main.c:243:6:Current_Sensor_Init	8	static
../Core/Src/main.c:266:7:normalize_angle	16	static
../Core/Src/main.c:1532:6:FOC_control	224	static
../Core/Src/main.c:1815:13:clarke_transform	32	static
../Core/Src/main.c:1822:6:park_transform	48	static
../Core/Src/main.c:1832:6:SystemClock_Config	96	static
../Core/Src/main.c:1869:13:MX_GPIO_Init	40	static
../Core/Src/main.c:1886:13:MX_ADC3_Init	24	static
../Core/Src/main.c:1920:6:HAL_ADC_ConvCpltCallback	16	static
../Core/Src/main.c:1926:13:MX_DMA_Init	16	static
../Core/Src/main.c:1952:13:MX_TIM1_Init	104	static
../Core/Src/main.c:2019:13:MX_USART2_UART_Init	8	static
../Core/Src/main.c:2035:6:Error_Handler	4	static,ignoring_inline_asm
